// Jest Snapshot v1, https://goo.gl/fbAQLP

exports[`table snapshot 1`] = `
<div
  className="col-xs-2 col-sm-2 col-md-2 col-lg-2"
>
  <figure>
    <img
      alt="round table pic"
      className="img-thumbnail tableImg"
      src="brown6persontable.png"
    />
    <figcaption
      className="one-digit"
    >
      1
    </figcaption>
  </figure>
</div>
`;
